// Jest Snapshot v1, https://goo.gl/fbAQLP

exports[`Integer Math Syntax errors 1`] = `"Unexpected end of input."`;

exports[`Integer Math Syntax errors 2`] = `"Unexpected end of input."`;

exports[`Integer Math Syntax errors 3`] = `"Unexpected character '^'."`;
